Copyright 1986-2018 Xilinx, Inc. All Rights Reserved.
---------------------------------------------------------------------------------------------------
| Tool Version : Vivado v.2018.2 (win64) Build 2258646 Thu Jun 14 20:03:12 MDT 2018
| Date         : Thu Sep 17 05:01:43 2026
| Host         : LAPTOP-Q35FEN5U running 64-bit major release  (build 9200)
| Command      : report_timing_summary -file {D:/IEEE Competition/FPGA/Reports/timing_summary.rpt}
| Design       : Top_accelerator
| Device       : 7z020-clg400
| Speed File   : -1  PRODUCTION 1.11 2014-09-11
---------------------------------------------------------------------------------------------------

Timing Summary Report

------------------------------------------------------------------------------------------------
| Timer Settings
| --------------
------------------------------------------------------------------------------------------------

  Enable Multi Corner Analysis               :  Yes
  Enable Pessimism Removal                   :  Yes
  Pessimism Removal Resolution               :  Nearest Common Node
  Enable Input Delay Default Clock           :  No
  Enable Preset / Clear Arcs                 :  No
  Disable Flight Delays                      :  No
  Ignore I/O Paths                           :  No
  Timing Early Launch at Borrowing Latches   :  false

  Corner  Analyze    Analyze    
  Name    Max Paths  Min Paths  
  ------  ---------  ---------  
  Slow    Yes        Yes        
  Fast    Yes        Yes        



check_timing report

Table of Contents
-----------------
1. checking no_clock
2. checking constant_clock
3. checking pulse_width_clock
4. checking unconstrained_internal_endpoints
5. checking no_input_delay
6. checking no_output_delay
7. checking multiple_clock
8. checking generated_clocks
9. checking loops
10. checking partial_input_delay
11. checking partial_output_delay
12. checking latch_loops

1. checking no_clock
--------------------
 There are 0 register/latch pins with no clock.


2. checking constant_clock
--------------------------
 There are 0 register/latch pins with constant_clock.


3. checking pulse_width_clock
-----------------------------
 There are 0 register/latch pins which need pulse_width check


4. checking unconstrained_internal_endpoints
--------------------------------------------
 There are 0 pins that are not constrained for maximum delay.

 There are 0 pins that are not constrained for maximum delay due to constant clock.


5. checking no_input_delay
--------------------------
 There are 83 input ports with no input delay specified. (HIGH)

 There are 0 input ports with no input delay but user has a false path constraint.


6. checking no_output_delay
---------------------------
 There are 20 ports with no output delay specified. (HIGH)

 There are 0 ports with no output delay but user has a false path constraint

 There are 0 ports with no output delay but with a timing clock defined on it or propagating through it


7. checking multiple_clock
--------------------------
 There are 0 register/latch pins with multiple clocks.


8. checking generated_clocks
----------------------------
 There are 0 generated clocks that are not connected to a clock source.


9. checking loops
-----------------
 There are 0 combinational loops in the design.


10. checking partial_input_delay
--------------------------------
 There are 0 input ports with partial input delay specified.


11. checking partial_output_delay
---------------------------------
 There are 0 ports with partial output delay specified.


12. checking latch_loops
------------------------
 There are 0 combinational latch loops in the design through latch input



------------------------------------------------------------------------------------------------
| Design Timing Summary
| ---------------------
------------------------------------------------------------------------------------------------

    WNS(ns)      TNS(ns)  TNS Failing Endpoints  TNS Total Endpoints      WHS(ns)      THS(ns)  THS Failing Endpoints  THS Total Endpoints     WPWS(ns)     TPWS(ns)  TPWS Failing Endpoints  TPWS Total Endpoints  
    -------      -------  ---------------------  -------------------      -------      -------  ---------------------  -------------------     --------     --------  ----------------------  --------------------  
      0.388        0.000                      0                  496        0.067        0.000                      0                  496        1.020        0.000                       0                   323  


All user specified timing constraints are met.


------------------------------------------------------------------------------------------------
| Clock Summary
| -------------
------------------------------------------------------------------------------------------------

Clock  Waveform(ns)         Period(ns)      Frequency(MHz)
-----  ------------         ----------      --------------
clk    {0.000 2.000}        4.000           250.000         


------------------------------------------------------------------------------------------------
| Intra Clock Table
| -----------------
------------------------------------------------------------------------------------------------

Clock             WNS(ns)      TNS(ns)  TNS Failing Endpoints  TNS Total Endpoints      WHS(ns)      THS(ns)  THS Failing Endpoints  THS Total Endpoints     WPWS(ns)     TPWS(ns)  TPWS Failing Endpoints  TPWS Total Endpoints  
-----             -------      -------  ---------------------  -------------------      -------      -------  ---------------------  -------------------     --------     --------  ----------------------  --------------------  
clk                 0.388        0.000                      0                  496        0.067        0.000                      0                  496        1.020        0.000                       0                   323  


------------------------------------------------------------------------------------------------
| Inter Clock Table
| -----------------
------------------------------------------------------------------------------------------------

From Clock    To Clock          WNS(ns)      TNS(ns)  TNS Failing Endpoints  TNS Total Endpoints      WHS(ns)      THS(ns)  THS Failing Endpoints  THS Total Endpoints  
----------    --------          -------      -------  ---------------------  -------------------      -------      -------  ---------------------  -------------------  


------------------------------------------------------------------------------------------------
| Other Path Groups Table
| -----------------------
------------------------------------------------------------------------------------------------

Path Group    From Clock    To Clock          WNS(ns)      TNS(ns)  TNS Failing Endpoints  TNS Total Endpoints      WHS(ns)      THS(ns)  THS Failing Endpoints  THS Total Endpoints  
----------    ----------    --------          -------      -------  ---------------------  -------------------      -------      -------  ---------------------  -------------------  


------------------------------------------------------------------------------------------------
| Timing Details
| --------------
------------------------------------------------------------------------------------------------


---------------------------------------------------------------------------------------------------
From Clock:  clk
  To Clock:  clk

Setup :            0  Failing Endpoints,  Worst Slack        0.388ns,  Total Violation        0.000ns
Hold  :            0  Failing Endpoints,  Worst Slack        0.067ns,  Total Violation        0.000ns
PW    :            0  Failing Endpoints,  Worst Slack        1.020ns,  Total Violation        0.000ns
---------------------------------------------------------------------------------------------------


Max Delay Paths
--------------------------------------------------------------------------------------
Slack (MET) :             0.388ns  (required time - arrival time)
  Source:                 u_FSM/col_count_reg[3]/C
                            (rising edge-triggered cell FDCE clocked by clk  {rise@0.000ns fall@2.000ns period=4.000ns})
  Destination:            u_FSM/last_pipe_reg[5]_srl7_u_FSM_valid_pipe_reg_c_4/D
                            (rising edge-triggered cell SRL16E clocked by clk  {rise@0.000ns fall@2.000ns period=4.000ns})
  Path Group:             clk
  Path Type:              Setup (Max at Slow Process Corner)
  Requirement:            4.000ns  (clk rise@4.000ns - clk rise@0.000ns)
  Data Path Delay:        3.468ns  (logic 0.890ns (25.662%)  route 2.578ns (74.338%))
  Logic Levels:           3  (LUT3=1 LUT5=1 LUT6=1)
  Clock Path Skew:        -0.064ns (DCD - SCD + CPR)
    Destination Clock Delay (DCD):    4.642ns = ( 8.642 - 4.000 ) 
    Source Clock Delay      (SCD):    5.164ns
    Clock Pessimism Removal (CPR):    0.458ns
  Clock Uncertainty:      0.035ns  ((TSJ^2 + TIJ^2)^1/2 + DJ) / 2 + PE
    Total System Jitter     (TSJ):    0.071ns
    Total Input Jitter      (TIJ):    0.000ns
    Discrete Jitter          (DJ):    0.000ns
    Phase Error              (PE):    0.000ns

    Location             Delay type                Incr(ns)  Path(ns)    Netlist Resource(s)
  -------------------------------------------------------------------    -------------------
                         (clock clk rise edge)        0.000     0.000 r  
    U7                                                0.000     0.000 r  clk (IN)
                         net (fo=0)                   0.000     0.000    clk
    U7                   IBUF (Prop_ibuf_I_O)         1.058     1.058 r  clk_IBUF_inst/O
                         net (fo=1, routed)           2.171     3.229    clk_IBUF
    BUFGCTRL_X0Y0        BUFG (Prop_bufg_I_O)         0.101     3.330 r  clk_IBUF_BUFG_inst/O
                         net (fo=322, routed)         1.834     5.164    u_FSM/clk_IBUF_BUFG
    SLICE_X4Y6           FDCE                                         r  u_FSM/col_count_reg[3]/C
  -------------------------------------------------------------------    -------------------
    SLICE_X4Y6           FDCE (Prop_fdce_C_Q)         0.518     5.682 r  u_FSM/col_count_reg[3]/Q
                         net (fo=3, routed)           0.817     6.500    u_FSM/col_count_reg_n_0_[3]
    SLICE_X4Y7           LUT5 (Prop_lut5_I0_O)        0.124     6.624 f  u_FSM/col_count[15]_i_3/O
                         net (fo=17, routed)          0.740     7.364    u_FSM/col_count[15]_i_3_n_0
    SLICE_X2Y8           LUT6 (Prop_lut6_I5_O)        0.124     7.488 r  u_FSM/FSM_onehot_state[2]_i_4/O
                         net (fo=4, routed)           0.499     7.987    u_FSM/FSM_onehot_state[2]_i_4_n_0
    SLICE_X2Y7           LUT3 (Prop_lut3_I0_O)        0.124     8.111 r  u_FSM/last_pipe_reg[5]_srl7_u_FSM_valid_pipe_reg_c_4_i_1/O
                         net (fo=1, routed)           0.521     8.633    u_FSM/last_window_now
    SLICE_X2Y7           SRL16E                                       r  u_FSM/last_pipe_reg[5]_srl7_u_FSM_valid_pipe_reg_c_4/D
  -------------------------------------------------------------------    -------------------

                         (clock clk rise edge)        4.000     4.000 r  
    U7                                                0.000     4.000 r  clk (IN)
                         net (fo=0)                   0.000     4.000    clk
    U7                   IBUF (Prop_ibuf_I_O)         0.924     4.924 r  clk_IBUF_inst/O
                         net (fo=1, routed)           1.972     6.896    clk_IBUF
    BUFGCTRL_X0Y0        BUFG (Prop_bufg_I_O)         0.091     6.987 r  clk_IBUF_BUFG_inst/O
                         net (fo=322, routed)         1.655     8.642    u_FSM/clk_IBUF_BUFG
    SLICE_X2Y7           SRL16E                                       r  u_FSM/last_pipe_reg[5]_srl7_u_FSM_valid_pipe_reg_c_4/CLK
                         clock pessimism              0.458     9.100    
                         clock uncertainty           -0.035     9.065    
    SLICE_X2Y7           SRL16E (Setup_srl16e_CLK_D)
                                                     -0.044     9.021    u_FSM/last_pipe_reg[5]_srl7_u_FSM_valid_pipe_reg_c_4
  -------------------------------------------------------------------
                         required time                          9.021    
                         arrival time                          -8.633    
  -------------------------------------------------------------------
                         slack                                  0.388    





Min Delay Paths
--------------------------------------------------------------------------------------
Slack (MET) :             0.067ns  (arrival time - required time)
  Source:                 u_Data_Router/win/w20_reg[6]/C
                            (rising edge-triggered cell FDRE clocked by clk  {rise@0.000ns fall@2.000ns period=4.000ns})
  Destination:            u_Data_Router/LB1/buffer_reg[31][6]_srl29/D
                            (rising edge-triggered cell SRLC32E clocked by clk  {rise@0.000ns fall@2.000ns period=4.000ns})
  Path Group:             clk
  Path Type:              Hold (Min at Fast Process Corner)
  Requirement:            0.000ns  (clk rise@0.000ns - clk rise@0.000ns)
  Data Path Delay:        0.266ns  (logic 0.141ns (52.967%)  route 0.125ns (47.033%))
  Logic Levels:           0  
  Clock Path Skew:        0.016ns (DCD - SCD - CPR)
    Destination Clock Delay (DCD):    2.087ns
    Source Clock Delay      (SCD):    1.569ns
    Clock Pessimism Removal (CPR):    0.502ns

    Location             Delay type                Incr(ns)  Path(ns)    Netlist Resource(s)
  -------------------------------------------------------------------    -------------------
                         (clock clk rise edge)        0.000     0.000 r  
    U7                                                0.000     0.000 r  clk (IN)
                         net (fo=0)                   0.000     0.000    clk
    U7                   IBUF (Prop_ibuf_I_O)         0.286     0.286 r  clk_IBUF_inst/O
                         net (fo=1, routed)           0.663     0.949    clk_IBUF
    BUFGCTRL_X0Y0        BUFG (Prop_bufg_I_O)         0.026     0.975 r  clk_IBUF_BUFG_inst/O
                         net (fo=322, routed)         0.594     1.569    u_Data_Router/win/clk_IBUF_BUFG
    SLICE_X11Y6          FDRE                                         r  u_Data_Router/win/w20_reg[6]/C
  -------------------------------------------------------------------    -------------------
    SLICE_X11Y6          FDRE (Prop_fdre_C_Q)         0.141     1.710 r  u_Data_Router/win/w20_reg[6]/Q
                         net (fo=2, routed)           0.125     1.835    u_Data_Router/LB1/Q[6]
    SLICE_X10Y5          SRLC32E                                      r  u_Data_Router/LB1/buffer_reg[31][6]_srl29/D
  -------------------------------------------------------------------    -------------------

                         (clock clk rise edge)        0.000     0.000 r  
    U7                                                0.000     0.000 r  clk (IN)
                         net (fo=0)                   0.000     0.000    clk
    U7                   IBUF (Prop_ibuf_I_O)         0.476     0.476 r  clk_IBUF_inst/O
                         net (fo=1, routed)           0.719     1.195    clk_IBUF
    BUFGCTRL_X0Y0        BUFG (Prop_bufg_I_O)         0.029     1.224 r  clk_IBUF_BUFG_inst/O
                         net (fo=322, routed)         0.863     2.087    u_Data_Router/LB1/clk_IBUF_BUFG
    SLICE_X10Y5          SRLC32E                                      r  u_Data_Router/LB1/buffer_reg[31][6]_srl29/CLK
                         clock pessimism             -0.502     1.585    
    SLICE_X10Y5          SRLC32E (Hold_srlc32e_CLK_D)
                                                      0.183     1.768    u_Data_Router/LB1/buffer_reg[31][6]_srl29
  -------------------------------------------------------------------
                         required time                         -1.768    
                         arrival time                           1.835    
  -------------------------------------------------------------------
                         slack                                  0.067    





Pulse Width Checks
--------------------------------------------------------------------------------------
Clock Name:         clk
Waveform(ns):       { 0.000 2.000 }
Period(ns):         4.000
Sources:            { clk }

Check Type        Corner  Lib Pin      Reference Pin  Required(ns)  Actual(ns)  Slack(ns)  Location       Pin
Min Period        n/a     BUFG/I       n/a            2.155         4.000       1.845      BUFGCTRL_X0Y0  clk_IBUF_BUFG_inst/I
Low Pulse Width   Slow    SRLC32E/CLK  n/a            0.980         2.000       1.020      SLICE_X22Y10   u_Data_Router/LB2/buffer_reg[31][2]_srl29/CLK
High Pulse Width  Fast    SRL16E/CLK   n/a            0.980         2.000       1.020      SLICE_X2Y7     u_FSM/last_pipe_reg[5]_srl7_u_FSM_valid_pipe_reg_c_4/CLK



